// Jest Snapshot v1, https://goo.gl/fbAQLP

exports[`<Main /> should match snapshot 1`] = `
.c0 {
  background-color: #06092b;
  color: #fff;
  width: 100%;
  height: 100%;
  padding: 3rem;
  text-align: center;
  display: -webkit-box;
  display: -webkit-flex;
  display: -ms-flexbox;
  display: flex;
  -webkit-flex-direction: column;
  -ms-flex-direction: column;
  flex-direction: column;
  -webkit-align-items: center;
  -webkit-box-align: center;
  -ms-flex-align: center;
  align-items: center;
  -webkit-box-pack: center;
  -webkit-justify-content: center;
  -ms-flex-pack: center;
  justify-content: center;
}

.c1 {
  width: 25rem;
  margin-bottom: 2rem;
}

.c2 {
  font-size: 2.5rem;
}

.c3 {
  font-size: 2rem;
  font-weight: 400;
}

<main
  class="c0"
>
  <img
    alt="Imagem contendo a palavra Boilerplate"
    class="c1"
    src="/img/logo.png"
  />
  <h1
    class="c2"
  >
    React Boilerplate
  </h1>
  <h2
    class="c3"
  >
    Typescript, ReactJS, NextJS e Styled Components
  </h2>
</main>
`;
